============================= test session starts ==============================
platform linux -- Python 3.12.3, pytest-8.4.2, pluggy-1.6.0 -- /home/nveerman/projects/team-evaluatie-app/backend/venv/bin/python3.12
cachedir: .pytest_cache
rootdir: /home/nveerman/projects/team-evaluatie-app/backend
plugins: cov-7.0.0, anyio-4.11.0
collecting ... collected 0 items / 1 error

==================================== ERRORS ====================================
_________________ ERROR collecting tests/test_project_teams.py _________________
ImportError while importing test module '/home/nveerman/projects/team-evaluatie-app/backend/tests/test_project_teams.py'.
Hint: make sure your test modules/packages have valid Python names.
Traceback:
/usr/lib/python3.12/importlib/__init__.py:90: in import_module
    return _bootstrap._gcd_import(name[level:], package, level)
           ^^^^^^^^^^^^^^^^^^^^^^^^^^^^^^^^^^^^^^^^^^^^^^^^^^^^
tests/test_project_teams.py:10: in <module>
    from app.infra.db.models import (
E   ModuleNotFoundError: No module named 'app'
=========================== short test summary info ============================
ERROR tests/test_project_teams.py
!!!!!!!!!!!!!!!!!!!! Interrupted: 1 error during collection !!!!!!!!!!!!!!!!!!!!
=============================== 1 error in 1.07s ===============================
